schema_version: ggen.enterprise-architecture-foundry.refusal-log/1
workstream: C
source_authority_sha: 32ff03016b476f5e4a938272a8a54fcd3b877e5a
runtime_sha: a21a31bc8fd4e83e1587fc400b9673b5cc2b5ba4
corpus_parent_sha: 25398da122199cea61de0659eef7168a04e4b5d2
exit_code: 1
---
[1m[92m    Updating[0m crates.io index
[1m[92m     Locking[0m 59 packages to latest compatible versions
[1m[92m Downloading[0m crates ...
[1m[92m  Downloaded[0m anstyle-parse v1.0.0
[1m[92m  Downloaded[0m anstream v1.0.0
[1m[92m  Downloaded[0m find-msvc-tools v0.1.9
[1m[92m  Downloaded[0m cpufeatures v0.3.0
[1m[92m  Downloaded[0m anstyle-query v1.1.5
[1m[92m  Downloaded[0m anstyle v1.0.14
[1m[92m  Downloaded[0m serde_yaml v0.9.34+deprecated
[1m[92m  Downloaded[0m equivalent v1.0.2
[1m[92m  Downloaded[0m arrayref v0.3.9
[1m[92m  Downloaded[0m clap_lex v1.1.0
[1m[92m  Downloaded[0m arrayvec v0.7.8
[1m[92m  Downloaded[0m cfg-if v1.0.4
[1m[92m  Downloaded[0m clap v4.6.5
[1m[92m  Downloaded[0m clap_derive v4.6.4
[1m[92m  Downloaded[0m colorchoice v1.0.5
[1m[92m  Downloaded[0m utf8parse v0.2.2
[1m[92m  Downloaded[0m zmij v1.0.23
[1m[92m  Downloaded[0m itoa v1.0.18
[1m[92m  Downloaded[0m same-file v1.0.6
[1m[92m  Downloaded[0m heck v0.5.0
[1m[92m  Downloaded[0m is_terminal_polyfill v1.70.2
[1m[92m  Downloaded[0m strsim v0.11.1
[1m[92m  Downloaded[0m constant_time_eq v0.4.2
[1m[92m  Downloaded[0m shlex v2.0.1
[1m[92m  Downloaded[0m thiserror-impl v2.0.19
[1m[92m  Downloaded[0m walkdir v2.5.0
[1m[92m  Downloaded[0m quote v1.0.47
[1m[92m  Downloaded[0m thiserror v2.0.19
[1m[92m  Downloaded[0m proc-macro2 v1.0.107
[1m[92m  Downloaded[0m unsafe-libyaml v0.2.11
[1m[92m  Downloaded[0m serde_derive v1.0.229
[1m[92m  Downloaded[0m ryu v1.0.23
[1m[92m  Downloaded[0m serde_core v1.0.229
[1m[92m  Downloaded[0m unicode-ident v1.0.24
[1m[92m  Downloaded[0m anyhow v1.0.104
[1m[92m  Downloaded[0m cc v1.4.0
[1m[92m  Downloaded[0m indexmap v2.14.0
[1m[92m  Downloaded[0m memchr v2.8.3
[1m[92m  Downloaded[0m serde v1.0.229
[1m[92m  Downloaded[0m blake3 v1.8.5
[1m[92m  Downloaded[0m clap_builder v4.6.5
[1m[92m  Downloaded[0m hashbrown v0.17.1
[1m[92m  Downloaded[0m serde_json v1.0.151
[1m[92m  Downloaded[0m syn v3.0.3
[1m[92m   Compiling[0m proc-macro2 v1.0.107
[1m[92m   Compiling[0m unicode-ident v1.0.24
[1m[92m   Compiling[0m quote v1.0.47
[1m[92m   Compiling[0m serde_core v1.0.229
[1m[92m   Compiling[0m shlex v2.0.1
[1m[92m   Compiling[0m find-msvc-tools v0.1.9
[1m[92m   Compiling[0m utf8parse v0.2.2
[1m[92m   Compiling[0m anstyle-parse v1.0.0
[1m[92m   Compiling[0m cc v1.4.0
[1m[92m   Compiling[0m is_terminal_polyfill v1.70.2
[1m[92m   Compiling[0m anstyle-query v1.1.5
[1m[92m   Compiling[0m anstyle v1.0.14
[1m[92m   Compiling[0m zmij v1.0.23
[1m[92m   Compiling[0m colorchoice v1.0.5
[1m[92m   Compiling[0m serde v1.0.229
[1m[92m   Compiling[0m blake3 v1.8.5
[1m[92m   Compiling[0m anstream v1.0.0
[1m[92m   Compiling[0m clap_lex v1.1.0
[1m[92m   Compiling[0m hashbrown v0.17.1
[1m[92m   Compiling[0m equivalent v1.0.2
[1m[92m   Compiling[0m anyhow v1.0.104
[1m[92m   Compiling[0m syn v3.0.3
[1m[92m   Compiling[0m heck v0.5.0
[1m[92m   Compiling[0m itoa v1.0.18
[1m[92m   Compiling[0m serde_json v1.0.151
[1m[92m   Compiling[0m thiserror v2.0.19
[1m[92m   Compiling[0m strsim v0.11.1
[1m[92m   Compiling[0m clap_builder v4.6.5
[1m[92m   Compiling[0m indexmap v2.14.0
[1m[92m   Compiling[0m unsafe-libyaml v0.2.11
[1m[92m   Compiling[0m same-file v1.0.6
[1m[92m   Compiling[0m cfg-if v1.0.4
[1m[92m   Compiling[0m ryu v1.0.23
[1m[92m   Compiling[0m constant_time_eq v0.4.2
[1m[92m   Compiling[0m arrayref v0.3.9
[1m[92m   Compiling[0m cpufeatures v0.3.0
[1m[92m   Compiling[0m memchr v2.8.3
[1m[92m   Compiling[0m arrayvec v0.7.8
[1m[92m   Compiling[0m serde_derive v1.0.229
[1m[92m   Compiling[0m clap_derive v4.6.4
[1m[92m   Compiling[0m thiserror-impl v2.0.19
[1m[92m   Compiling[0m walkdir v2.5.0
[1m[92m   Compiling[0m clap v4.6.5
[1m[92m   Compiling[0m serde_yaml v0.9.34+deprecated
[1m[92m   Compiling[0m ggen-architecture-foundry v0.1.0 (/home/runner/work/ggen-legacy/ggen-legacy/ggen-runtime/tools/architecture-foundry)
[1m[92m    Finished[0m `dev` profile [unoptimized + debuginfo] target(s) in 15.84s
[1m[92m     Running[0m `ggen-runtime/tools/architecture-foundry/target/debug/admit_capabilities --program ggen-runtime/docs/architecture-foundry/work-program.yaml --source ggen-source --corpus ggen-legacy`
Error: ARCHIVE_POLICY_RECOVERY_EVIDENCE_MISSING: legacy_ext_template_mode_append
